Resolving dependencies...
Downloading packages...
  _fe_analyzer_shared 67.0.0 (100.0.0 available)
  _flutterfire_internals 1.3.35 (1.3.71 available)
  analyzer 6.4.1 (13.0.0 available)
  build 2.4.1 (4.0.6 available)
  build_config 1.1.2 (1.3.0 available)
  build_resolvers 2.4.2 (3.0.4 available)
  build_runner 2.4.13 (2.15.0 available)
  build_runner_core 7.3.2 (9.3.2 available)
  cloud_firestore 4.17.5 (6.4.1 available)
  cloud_firestore_platform_interface 6.2.5 (8.0.1 available)
  cloud_firestore_web 3.12.5 (5.4.1 available)
  dart_style 2.3.6 (3.1.9 available)
  firebase_core 2.32.0 (4.9.0 available)
  firebase_core_platform_interface 5.4.2 (7.0.1 available)
  firebase_core_web 2.24.0 (3.7.0 available)
  flutter_lints 2.0.3 (6.0.0 available)
  flutter_slidable 3.1.2 (4.0.3 available)
  lints 2.1.1 (6.1.0 available)
  matcher 0.12.18 (0.12.20 available)
  meta 1.17.0 (1.18.2 available)
  native_toolchain_c 0.17.6 (0.18.0 available)
  shelf_web_socket 2.0.1 (3.0.0 available)
  source_gen 1.5.0 (4.2.3 available)
  source_helper 1.3.5 (1.3.12 available)
  test_api 0.7.8 (0.7.12 available)
  vector_math 2.2.0 (2.3.0 available)
Got dependencies!
26 packages have newer versions incompatible with dependency constraints.
Try `flutter pub outdated` for more information.
flutter : Building with plugins requires symlink support.
At line:1 char:53
+ ... udioProjects\Note-App-Flutter; flutter run -d 2404ARN45A 2>&1 | Tee-O ...
+                                    ~~~~~~~~~~~~~~~~~~~~~~~~~~~~~~
    + CategoryInfo          : NotSpecified: (Building with p...ymlink support.:String) [], RemoteException
    + FullyQualifiedErrorId : NativeCommandError
 

Please enable Developer Mode in your system settings. Run
  start ms-settings:developers
to open settings.
